[boldgains.com.ng/index.html]
[backblue.gif]
[fade.gif]
[index.html]
[boldgains.com.ng/wp-content/uploads/2021/05/boldgains-logo.jpg]
[fonts.googleapis.com/index.html]
[boldgains.com.ng/wp-content/plugins/thrive-visual-editor/landing-page/templates/css/base3171.css]
[boldgains.com.ng/wp-includes/css/dist/block-library/style.min41a3.css]
[boldgains.com.ng/wp-content/plugins/contact-form-7/includes/css/styles7661.css]
[boldgains.com.ng/feed/index.html]
[boldgains.com.ng/comments/feed/index.html]
[boldgains.com.ng/wp-content/plugins/thrive-visual-editor/editor/css/thrive_flat3171.css]
[fonts.googleapis.com/css.6ef8c.delayed]
[boldgains.com.ng/wp-content/plugins/elementor/assets/lib/font-awesome/css/font-awesome.min1849.css]
[boldgains.com.ng/wp-content/plugins/mailjet-for-wordpress/src/widget/css/front-widgetc1ec.css]
[boldgains.com.ng/wp-content/plugins/mailin/css/mailin-front41a3.css]
[boldgains.com.ng/wp-includes/js/jquery/jquery.minaf6c.js]
[boldgains.com.ng/wp-includes/js/jquery/jquery-migrate.mind617.js]
[boldgains.com.ng/wp-includes/js/plupload/moxie.mine34c.js]
[boldgains.com.ng/wp-includes/js/plupload/plupload.min6c17.js]
[boldgains.com.ng/wp-content/plugins/mailjet-for-wordpress/src/widget/js/front-widget41a3.js]
[www.googletagmanager.com/gtag/jsb12c]
[boldgains.com.ng/wp-content/plugins/mailin/js/mailin-front9f73.js]
[boldgains.com.ng/wp-json/wp/v2/pages/22.json]
[boldgains.com.ng/wp-json/index.html]
[boldgains.com.ng/xmlrpc0db0.php]
[boldgains.com.ng/wp-includes/wlwmanifest.xml]
[boldgains.com.ng/wp-json/oembed/1.0/embed2a5b.json]
[boldgains.com.ng/wp-json/oembed/1.0/embed6268]
[connect.facebook.net/en_US/fbevents.js]
[www.facebook.com/trd451.gif]
[pagead2.googlesyndication.com/pagead/js/f026f.txt]
[boldgains.com.ng/wp-content/uploads/2021/05/cropped-cropped-boldgains-logo-32x32.jpg]
[boldgains.com.ng/wp-content/uploads/2021/05/cropped-cropped-boldgains-logo-192x192.jpg]
[boldgains.com.ng/wp-content/uploads/2021/05/cropped-cropped-boldgains-logo-180x180.jpg]
[www.w3.org/2000/svg.html]
[boldgains.com.ng/wp-content/uploads/tcb_lp_templates/templates/css/images/moon-arrow.png]
[boldgains.com.ng/wp-content/uploads/2021/05/boldgains-return-on-investment-bonus.jpg]
[boldgains.com.ng/boldgains-products/index.html]
[boldgains.com.ng/wp-content/uploads/tcb_lp_templates/templates/css/images/moon-arrow-2.png]
[boldgains.com.ng/wp-content/uploads/tcb_lp_templates/templates/css/images/moon-feature-2.png]
[boldgains.com.ng/wp-content/uploads/tcb_lp_templates/templates/css/images/moon-feature-3.png]
[boldgains.com.ng/boldgains-intro/index.html]
[boldgains.com.ng/boldgains-compensation-plan/index.html]
[boldgains.com.ng/contact-boldgains/index.html]
[boldgains.com.ng/wp-content/uploads/2021/05/adanma.png]
[boldgains.com.ng/wp-content/uploads/2021/05/adebanjo.png]
[boldgains.com.ng/wp-includes/js/dist/vendor/regenerator-runtime.minb36a.js]
[boldgains.com.ng/wp-includes/js/dist/vendor/wp-polyfill.min2c7c.js]
[boldgains.com.ng/wp-content/plugins/contact-form-7/includes/js/index7661.js]
[boldgains.com.ng/wp-content/plugins/extensions-for-cf7/assets/js/conditional-fieldf269.js]
[boldgains.com.ng/wp-content/plugins/extensions-for-cf7/assets/js/redirectf269.js]
[boldgains.com.ng/wp-includes/js/imagesloaded.mineda1.js]
[boldgains.com.ng/wp-includes/js/masonry.min3a05.js]
[boldgains.com.ng/wp-includes/js/jquery/jquery.masonry.minef70.js]
[boldgains.com.ng/wp-content/plugins/thrive-visual-editor/editor/js/dist/frontend.min3171.js]
[boldgains.com.ng/wp-content/themes/fairy/js/navigation9632.js]
[boldgains.com.ng/wp-content/themes/fairy/candidthemes/assets/custom/js/custom9632.js]
[boldgains.com.ng/wp-content/themes/fairy/candidthemes/assets/framework/slick/slick9632.js]
[boldgains.com.ng/wp-content/plugins/thrive-visual-editor/thrive-dashboard/js/dist/frontend.mina305.js]
[boldgains.com.ng/wp-includes/js/wp-embed.min41a3.js]
[boldgains.com.ng/index.html]
[embed.tawk.to/60cf94f57f4b000ac03897ea/1f8ldrobs.js]
[www.googletagmanager.com/index.html]
[fonts.googleapis.com/index.html]
[s.w.org/index.html]
[fonts.googleapis.com/cssef8c.html]
[fonts.googleapis.com/css2a77.css]
[fonts.googleapis.com/css212c.css]
[fonts.googleapis.com/cssa12e.css]
[fonts.googleapis.com/css4399.css]
[www.w3.org/StyleSheets/TR/base.css]
[www.w3.org/2000/svg.html]
[boldgains.com.ng/wp-json/wp/v2/pages/41.json]
[boldgains.com.ng/wp-json/oembed/1.0/embed4b2c.json]
[boldgains.com.ng/wp-json/oembed/1.0/embed516a]
[s.w.org/images/core/emoji/13.0.1/svg/1f4a5.svg]
[s.w.org/images/core/emoji/13.0.1/svg/1f449.svg]
[boldgains.com.ng/wp-content/uploads/2021/06/boldgains-compensation-plan.png]
[boldgains.com.ng/wp-content/uploads/2021/06/boldgains-binary-bonus.png]
[boldgains.com.ng/wp-content/uploads/2021/06/boldgains-upgrade-bonus.png]
[boldgains.com.ng/wp-content/uploads/2021/05/boldgains-rollup-bonus.jpg]
[boldgains.com.ng/wp-content/uploads/2021/06/boldgains-repurchase-bonus.png]
[boldgains.com.ng/wp-content/uploads/2021/05/boldgains-retail-bonus.jpg]
[boldgains.com.ng/wp-content/uploads/2021/06/boldgains-leadership-ranks.png]
[boldgains.com.ng/wp-content/uploads/2021/05/boldgains-visa-card.jpg]
[boldgains.com.ng/boldgains-compensation-plan/index.html]
[boldgains.com.ng/wp-content/uploads/2021/06/boldgains-products.png]
[boldgains.com.ng/wp-json/wp/v2/pages/61.json]
[boldgains.com.ng/wp-json/oembed/1.0/embed982b.json]
[boldgains.com.ng/wp-json/oembed/1.0/embedaddf]
[boldgains.com.ng/wp-content/uploads/2021/06/boldgains-cranstem-gold.png]
[boldgains.com.ng/wp-content/uploads/2021/06/boldgains-curcuma-ginger-tea.png]
[boldgains.com.ng/wp-content/uploads/2021/06/boldgains-relaxing-tea.png]
[boldgains.com.ng/wp-content/uploads/2021/06/boldgains-meet-for-coffee.png]
[boldgains.com.ng/wp-content/uploads/2021/06/boldgains-products-coming-soon.png]
[boldgains.com.ng/boldgains-products/index.html]
[boldgains.com.ng/wp-content/plugins/thrive-quiz-builder/assets/css/frontend/tqb-shortcode41a3.css]
[boldgains.com.ng/boldgains-intro/feed/index.html]
[boldgains.com.ng/wp-content/plugins/thrive-quiz-builder/image-editor/assets/js/html2canvas/html2canvas41a3.js]
[boldgains.com.ng/wp-includes/js/underscore.min4511.js]
[boldgains.com.ng/wp-includes/js/backbone.min2fca.js]
[boldgains.com.ng/wp-content/plugins/thrive-quiz-builder/assets/js/dist/tqb-frontend.min0d63.js]
[boldgains.com.ng/wp-json/wp/v2/pages/2.json]
[boldgains.com.ng/wp-json/oembed/1.0/embed19ed.json]
[boldgains.com.ng/wp-json/oembed/1.0/embed733f]
[boldgains.com.ng/xmlrpc.php]
[boldgains.com.ng/boldgains-intro/index.html]
[widget-v4.tidiochat.com/1_74_0/static/js/render.949ddb143ac406a274a2.js]
[boldgains.com.ng/wp-json/wp/v2/pages/170.json]
[boldgains.com.ng/wp-json/oembed/1.0/embeda0de.json]
[boldgains.com.ng/wp-json/oembed/1.0/embed70c3]
[app.mailjet.com/statics/js/iframeResizer.min.js]
[boldgains.com.ng/contact-boldgains/index.html]
[embed.tawk.to/_s/v4/app/6127f5ffb81/js/twk-vendor.js]
[embed.tawk.to/_s/v4/app/6127f5ffb81/js/twk-chunk-vendors.js]
[embed.tawk.to/_s/v4/app/6127f5ffb81/js/twk-runtime.js]
[embed.tawk.to/_s/v4/app/6127f5ffb81/js/twk-app.js]
[embed.tawk.to/_s/v4/app/6127f5ffb81/js/twk-chunk-common.js]
[embed.tawk.to/_s/v4/app/6127f5ffb81/js/twk-promise-polyfill.js]
[embed.tawk.to/_s/v4/app/6127f5ffb81/js/twk-iterator-polyfill.js]
[embed.tawk.to/_s/v4/app/6127f5ffb81/js/twk-entries-polyfill.js]
[embed.tawk.to/60cf94f57f4b000ac03897ea/1f8ldrobs.js]
[www.w3.org/StyleSheets/TR/base.css]
[boldgains.com.ng/indexcbb6.html]
[fonts.googleapis.com/css378c.css]
[fonts.googleapis.com/cssb4f0.css]
[fonts.googleapis.com/cssc3d4.css]
[fonts.googleapis.com/cssab33.css]
[boldgains.com.ng/index094d.html]
[boldgains.com.ng/index905b.html]
[boldgains.com.ng/xmlrpc.php]
[fonts.googleapis.com/css1bec.css]
[fonts.googleapis.com/css37c3.css]
[boldgains.com.ng/index5e74.html]
[boldgains.com.ng/feed/index.html]
[boldgains.com.ng/comments/feed/index.html]
[boldgains.com.ng/wp-content/plugins/thrive-visual-editor/landing-page/templates/css/base3171.css]
[boldgains.com.ng/wp-includes/css/dist/block-library/style.min41a3.css]
[boldgains.com.ng/wp-json/index.html]
[boldgains.com.ng/wp-json/wp/v2/pages/22.json]
[boldgains.com.ng/wp-content/plugins/contact-form-7/includes/css/styles7661.css]
[www.googletagmanager.com/gtag/jsb12c]
[boldgains.com.ng/xmlrpc0db0.php]
[boldgains.com.ng/wp-content/plugins/thrive-visual-editor/editor/css/images/loader_transparent.gif]
[boldgains.com.ng/wp-content/plugins/thrive-visual-editor/editor/css/images/cc_amex.png]
[boldgains.com.ng/wp-json/oembed/1.0/embed2a5b.json]
[pagead2.googlesyndication.com/pagead/js/f026f.txt]
[boldgains.com.ng/wp-content/plugins/thrive-visual-editor/editor/css/images/cc_discover.png]
[boldgains.com.ng/wp-json/oembed/1.0/embed6268]
[boldgains.com.ng/wp-content/plugins/thrive-visual-editor/editor/css/images/cc_mc.png]
[boldgains.com.ng/wp-content/plugins/thrive-visual-editor/editor/css/images/cc_paypal.png]
[boldgains.com.ng/wp-content/plugins/thrive-visual-editor/editor/css/images/cc_visa.png]
[boldgains.com.ng/wp-content/plugins/thrive-visual-editor/editor/css/images/stars.png]
[boldgains.com.ng/wp-content/plugins/thrive-visual-editor/editor/css/images/video_frame_3.png]
[boldgains.com.ng/wp-content/plugins/thrive-visual-editor/editor/css/images/video_frame_4.png]
[boldgains.com.ng/wp-content/plugins/thrive-visual-editor/editor/css/images/video_frame_6.png]
[boldgains.com.ng/wp-json/wp/v2/pages/41.json]
[boldgains.com.ng/wp-json/oembed/1.0/embed4b2c.json]
[boldgains.com.ng/wp-json/oembed/1.0/embed516a]
[boldgains.com.ng/wp-content/plugins/thrive-visual-editor/editor/css/images/rv_style_grey_monitor_full.png]
[boldgains.com.ng/wp-content/plugins/thrive-visual-editor/editor/css/images/rv_style_black_monitor_full.png]
[boldgains.com.ng/wp-content/plugins/thrive-visual-editor/editor/css/images/rv_style_black_tablet_full.png]
[boldgains.com.ng/wp-content/plugins/thrive-visual-editor/editor/css/images/rv_style_white_tablet_full.png]
[boldgains.com.ng/wp-json/oembed/1.0/embed982b.json]
[boldgains.com.ng/wp-json/oembed/1.0/embedaddf]
[boldgains.com.ng/wp-json/wp/v2/pages/61.json]
[boldgains.com.ng/wp-content/plugins/thrive-visual-editor/editor/css/images/tve_lock.png]
[boldgains.com.ng/wp-content/plugins/thrive-visual-editor/editor/css/images/spinner.svg]
[boldgains.com.ng/boldgains-intro/feed/index.html]
[boldgains.com.ng/wp-json/wp/v2/pages/2.json]
[boldgains.com.ng/wp-content/plugins/thrive-visual-editor/editor/css/images/thrive-tar.png]
[widget-v4.tidiochat.com/1_74_0/static/js/render.949ddb143ac406a274a2.js]
[boldgains.com.ng/wp-json/oembed/1.0/embed19ed.json]
[boldgains.com.ng/wp-json/oembed/1.0/embed733f]
[boldgains.com.ng/wp-json/wp/v2/pages/170.json]
[boldgains.com.ng/wp-content/plugins/thrive-visual-editor/editor/css/images/btn_black.png]
[embed.tawk.to/_s/v4/app/6127f5ffb81/js/twk-vendor.js]
[boldgains.com.ng/wp-content/plugins/thrive-visual-editor/editor/css/images/btn_blue.png]
[boldgains.com.ng/wp-content/plugins/thrive-visual-editor/editor/css/images/btn_green.png]
[embed.tawk.to/_s/v4/app/6127f5ffb81/js/twk-chunk-vendors.js]
[embed.tawk.to/_s/v4/app/6127f5ffb81/js/twk-chunk-common.js]
[boldgains.com.ng/wp-json/oembed/1.0/embeda0de.json]
[boldgains.com.ng/wp-json/oembed/1.0/embed70c3]
[embed.tawk.to/_s/v4/app/6127f5ffb81/js/twk-runtime.js]
[embed.tawk.to/_s/v4/app/6127f5ffb81/js/twk-promise-polyfill.js]
[embed.tawk.to/_s/v4/app/6127f5ffb81/js/twk-iterator-polyfill.js]
[boldgains.com.ng/wp-content/plugins/thrive-visual-editor/editor/css/images/btn_orange.png]
[embed.tawk.to/_s/v4/app/6127f5ffb81/js/twk-entries-polyfill.js]
[boldgains.com.ng/wp-content/plugins/thrive-visual-editor/editor/css/images/btn_purple.png]
[boldgains.com.ng/wp-content/plugins/thrive-visual-editor/editor/css/images/btn_red.png]
[boldgains.com.ng/wp-content/plugins/thrive-visual-editor/editor/css/images/btn_teal.png]
[boldgains.com.ng/wp-content/plugins/thrive-visual-editor/editor/css/images/btn_white.png]
[boldgains.com.ng/wp-content/plugins/thrive-visual-editor/editor/css/images/btn_small_black.png]
[boldgains.com.ng/wp-content/plugins/thrive-visual-editor/editor/css/images/btn_small_blue.png]
[boldgains.com.ng/wp-content/plugins/thrive-visual-editor/editor/css/images/btn_small_green.png]
[boldgains.com.ng/wp-content/plugins/thrive-visual-editor/editor/css/images/btn_small_orange.png]
[boldgains.com.ng/wp-content/plugins/thrive-visual-editor/editor/css/images/btn_small_purple.png]
[boldgains.com.ng/wp-content/plugins/thrive-visual-editor/editor/css/images/btn_small_red.png]
[boldgains.com.ng/wp-content/plugins/thrive-visual-editor/editor/css/images/btn_small_teal.png]
[boldgains.com.ng/wp-content/plugins/thrive-visual-editor/editor/css/images/btn_small_white.png]
[boldgains.com.ng/wp-content/plugins/thrive-visual-editor/editor/css/images/btn_big_black.png]
[boldgains.com.ng/wp-content/plugins/thrive-visual-editor/editor/css/images/btn_big_blue.png]
[boldgains.com.ng/wp-content/plugins/thrive-visual-editor/editor/css/images/btn_big_green.png]
[boldgains.com.ng/wp-content/plugins/thrive-visual-editor/editor/css/images/btn_big_orange.png]
[boldgains.com.ng/wp-content/plugins/thrive-visual-editor/editor/css/images/btn_big_purple.png]
[boldgains.com.ng/wp-content/plugins/thrive-visual-editor/editor/css/images/btn_big_red.png]
[boldgains.com.ng/wp-content/plugins/thrive-visual-editor/editor/css/images/btn_big_teal.png]
[boldgains.com.ng/wp-content/plugins/thrive-visual-editor/editor/css/images/btn_big_white.png]
[boldgains.com.ng/wp-content/plugins/thrive-visual-editor/editor/css/images/btn_huge_black.png]
[boldgains.com.ng/wp-content/plugins/thrive-visual-editor/editor/css/images/btn_huge_blue.png]
[boldgains.com.ng/wp-content/plugins/thrive-visual-editor/editor/css/images/btn_huge_green.png]
[boldgains.com.ng/wp-content/plugins/thrive-visual-editor/editor/css/images/btn_huge_orange.png]
[boldgains.com.ng/wp-content/plugins/thrive-visual-editor/editor/css/images/btn_huge_purple.png]
[boldgains.com.ng/wp-content/plugins/thrive-visual-editor/editor/css/images/btn_huge_red.png]
[boldgains.com.ng/wp-content/plugins/thrive-visual-editor/editor/css/images/btn_huge_teal.png]
[boldgains.com.ng/wp-content/plugins/thrive-visual-editor/editor/css/images/btn_huge_white.png]
[boldgains.com.ng/wp-content/plugins/thrive-visual-editor/editor/css/images/black_s1_f.png]
[boldgains.com.ng/wp-content/plugins/thrive-visual-editor/editor/css/images/black_s3_f.png]
[boldgains.com.ng/wp-content/plugins/thrive-visual-editor/editor/css/images/blue_s1_f.png]
[boldgains.com.ng/wp-content/plugins/thrive-visual-editor/editor/css/images/blue_s3_f.png]
[boldgains.com.ng/wp-content/plugins/thrive-visual-editor/editor/css/images/green_s1_f.png]
[boldgains.com.ng/wp-content/plugins/thrive-visual-editor/editor/css/images/green_s3_f.png]
[boldgains.com.ng/wp-content/plugins/thrive-visual-editor/editor/css/images/orange_s1_f.png]
[boldgains.com.ng/wp-content/plugins/thrive-visual-editor/editor/css/images/orange_s3_f.png]
[boldgains.com.ng/wp-content/plugins/thrive-visual-editor/editor/css/images/purple_s1_f.png]
[boldgains.com.ng/wp-content/plugins/thrive-visual-editor/editor/css/images/purple_s3_f.png]
[boldgains.com.ng/wp-content/plugins/thrive-visual-editor/editor/css/images/red_s1_f.png]
[boldgains.com.ng/wp-content/plugins/thrive-visual-editor/editor/css/images/red_s3_f.png]
[boldgains.com.ng/wp-content/plugins/thrive-visual-editor/editor/css/images/teal_s1_f.png]
[boldgains.com.ng/wp-content/plugins/thrive-visual-editor/editor/css/images/teal_s3_f.png]
[boldgains.com.ng/wp-content/plugins/thrive-visual-editor/editor/css/images/white_s1_f.png]
[boldgains.com.ng/wp-content/plugins/thrive-visual-editor/editor/css/images/white_s3_f.png]
[boldgains.com.ng/wp-content/plugins/thrive-visual-editor/editor/css/images/cta_arrows.png]
[boldgains.com.ng/wp-content/plugins/thrive-visual-editor/editor/css/images/cta_arrow_black.png]
[boldgains.com.ng/wp-content/plugins/thrive-visual-editor/editor/css/images/cta_arrow_blue.png]
[boldgains.com.ng/wp-content/plugins/thrive-visual-editor/editor/css/images/cta_arrow_green.png]
[boldgains.com.ng/wp-content/plugins/thrive-visual-editor/editor/css/images/cta_arrow_orange.png]
[boldgains.com.ng/wp-content/plugins/thrive-visual-editor/editor/css/images/cta_arrow_purple.png]
[boldgains.com.ng/wp-content/plugins/thrive-visual-editor/editor/css/images/cta_arrow_red.png]
[boldgains.com.ng/wp-content/plugins/thrive-visual-editor/editor/css/images/cta_arrow_teal.png]
[boldgains.com.ng/wp-content/plugins/thrive-visual-editor/editor/css/images/cta_arrow_white.png]
[boldgains.com.ng/wp-content/plugins/thrive-visual-editor/editor/css/images/qc_black.png]
[boldgains.com.ng/wp-content/plugins/thrive-visual-editor/editor/css/images/qc_r_black.png]
[boldgains.com.ng/wp-content/plugins/thrive-visual-editor/editor/css/images/q_r_black.png]
[boldgains.com.ng/wp-content/plugins/thrive-visual-editor/editor/css/images/q_l_black.png]
[boldgains.com.ng/wp-content/plugins/thrive-visual-editor/editor/css/images/qc_blue.png]
[boldgains.com.ng/wp-content/plugins/thrive-visual-editor/editor/css/images/qc_r_blue.png]
[boldgains.com.ng/wp-content/plugins/thrive-visual-editor/editor/css/images/q_r_blue.png]
[boldgains.com.ng/wp-content/plugins/thrive-visual-editor/editor/css/images/q_l_blue.png]
[boldgains.com.ng/wp-content/plugins/thrive-visual-editor/editor/css/images/qc_green.png]
[boldgains.com.ng/wp-content/plugins/thrive-visual-editor/editor/css/images/qc_r_green.png]
[boldgains.com.ng/wp-content/plugins/thrive-visual-editor/editor/css/images/q_r_green.png]
[boldgains.com.ng/wp-content/plugins/thrive-visual-editor/editor/css/images/q_l_green.png]
[boldgains.com.ng/wp-content/plugins/thrive-visual-editor/editor/css/images/qc_orange.png]
[boldgains.com.ng/wp-content/plugins/thrive-visual-editor/editor/css/images/qc_r_orange.png]
[boldgains.com.ng/wp-content/plugins/thrive-visual-editor/editor/css/images/q_r_orange.png]
[boldgains.com.ng/wp-content/plugins/thrive-visual-editor/editor/css/images/q_l_orange.png]
[boldgains.com.ng/wp-content/plugins/thrive-visual-editor/editor/css/images/qc_purple.png]
[boldgains.com.ng/wp-content/plugins/thrive-visual-editor/editor/css/images/qc_r_purple.png]
[boldgains.com.ng/wp-content/plugins/thrive-visual-editor/editor/css/images/q_r_purple.png]
[boldgains.com.ng/wp-content/plugins/thrive-visual-editor/editor/css/images/q_l_purple.png]
[boldgains.com.ng/wp-content/plugins/thrive-visual-editor/editor/css/images/qc_red.png]
[boldgains.com.ng/wp-content/plugins/thrive-visual-editor/editor/css/images/qc_r_red.png]
[boldgains.com.ng/wp-content/plugins/thrive-visual-editor/editor/css/images/q_r_red.png]
[boldgains.com.ng/wp-content/plugins/thrive-visual-editor/editor/css/images/q_l_red.png]
[boldgains.com.ng/wp-content/plugins/thrive-visual-editor/editor/css/images/qc_teal.png]
[boldgains.com.ng/wp-content/plugins/thrive-visual-editor/editor/css/images/qc_r_teal.png]
[boldgains.com.ng/wp-content/plugins/thrive-visual-editor/editor/css/images/q_r_teal.png]
[boldgains.com.ng/wp-content/plugins/thrive-visual-editor/editor/css/images/q_l_teal.png]
[boldgains.com.ng/wp-content/plugins/thrive-visual-editor/editor/css/images/qc_white.png]
[boldgains.com.ng/wp-content/plugins/thrive-visual-editor/editor/css/images/qc_r_white.png]
[boldgains.com.ng/wp-content/plugins/thrive-visual-editor/editor/css/images/q_r_white.png]
[boldgains.com.ng/wp-content/plugins/thrive-visual-editor/editor/css/images/q_l_white.png]
[boldgains.com.ng/wp-content/plugins/thrive-visual-editor/editor/css/images/ul1_f_black.png]
[boldgains.com.ng/wp-content/plugins/thrive-visual-editor/editor/css/images/ul2_f_black.png]
[boldgains.com.ng/wp-content/plugins/thrive-visual-editor/editor/css/images/ul3_f_black.png]
[boldgains.com.ng/wp-content/plugins/thrive-visual-editor/editor/css/images/ul4_f_black.png]
[boldgains.com.ng/wp-content/plugins/thrive-visual-editor/editor/css/images/ul5_f_black.png]
[boldgains.com.ng/wp-content/plugins/thrive-visual-editor/editor/css/images/ul6_f_black.png]
[boldgains.com.ng/wp-content/plugins/thrive-visual-editor/editor/css/images/ul7_f_black.png]
[boldgains.com.ng/wp-content/plugins/thrive-visual-editor/editor/css/images/ul1_f_blue.png]
[boldgains.com.ng/wp-content/plugins/thrive-visual-editor/editor/css/images/ul2_f_blue.png]
[boldgains.com.ng/wp-content/plugins/thrive-visual-editor/editor/css/images/ul3_f_blue.png]
[boldgains.com.ng/wp-content/plugins/thrive-visual-editor/editor/css/images/ul4_f_blue.png]
[boldgains.com.ng/wp-content/plugins/thrive-visual-editor/editor/css/images/ul5_f_blue.png]
[boldgains.com.ng/wp-content/plugins/thrive-visual-editor/editor/css/images/ul6_f_blue.png]
[boldgains.com.ng/wp-content/plugins/thrive-visual-editor/editor/css/images/ul7_f_blue.png]
[boldgains.com.ng/wp-content/plugins/thrive-visual-editor/editor/css/images/ul1_f_green.png]
[boldgains.com.ng/wp-content/plugins/thrive-visual-editor/editor/css/images/ul2_f_green.png]
[boldgains.com.ng/wp-content/plugins/thrive-visual-editor/editor/css/images/ul3_f_green.png]
[boldgains.com.ng/wp-content/plugins/thrive-visual-editor/editor/css/images/ul4_f_green.png]
[boldgains.com.ng/wp-content/plugins/thrive-visual-editor/editor/css/images/ul5_f_green.png]
[boldgains.com.ng/wp-content/plugins/thrive-visual-editor/editor/css/images/ul6_f_green.png]
[boldgains.com.ng/wp-content/plugins/thrive-visual-editor/editor/css/images/ul7_f_green.png]
[boldgains.com.ng/wp-content/plugins/thrive-visual-editor/editor/css/images/ul1_f_orange.png]
[boldgains.com.ng/wp-content/plugins/thrive-visual-editor/editor/css/images/ul2_f_orange.png]
[boldgains.com.ng/wp-content/plugins/thrive-visual-editor/editor/css/images/ul3_f_orange.png]
[boldgains.com.ng/wp-content/plugins/thrive-visual-editor/editor/css/images/ul4_f_orange.png]
[boldgains.com.ng/wp-content/plugins/thrive-visual-editor/editor/css/images/ul5_f_orange.png]
[boldgains.com.ng/wp-content/plugins/thrive-visual-editor/editor/css/images/ul6_f_orange.png]
[boldgains.com.ng/wp-content/plugins/thrive-visual-editor/editor/css/images/ul7_f_orange.png]
[boldgains.com.ng/wp-content/plugins/thrive-visual-editor/editor/css/images/ul1_f_purple.png]
[boldgains.com.ng/wp-content/plugins/thrive-visual-editor/editor/css/images/ul2_f_purple.png]
[boldgains.com.ng/wp-content/plugins/thrive-visual-editor/editor/css/images/ul3_f_purple.png]
[boldgains.com.ng/wp-content/plugins/thrive-visual-editor/editor/css/images/ul4_f_purple.png]
[boldgains.com.ng/wp-content/plugins/thrive-visual-editor/editor/css/images/ul5_f_purple.png]
[boldgains.com.ng/wp-content/plugins/thrive-visual-editor/editor/css/images/ul6_f_purple.png]
[boldgains.com.ng/wp-content/plugins/thrive-visual-editor/editor/css/images/ul7_f_purple.png]
[boldgains.com.ng/wp-content/plugins/thrive-visual-editor/editor/css/images/ul1_f_red.png]
[boldgains.com.ng/wp-content/plugins/thrive-visual-editor/editor/css/images/ul2_f_red.png]
[boldgains.com.ng/wp-content/plugins/thrive-visual-editor/editor/css/images/ul3_f_red.png]
[boldgains.com.ng/wp-content/plugins/thrive-visual-editor/editor/css/images/ul4_f_red.png]
[boldgains.com.ng/wp-content/plugins/thrive-visual-editor/editor/css/images/ul5_f_red.png]
[boldgains.com.ng/wp-content/plugins/thrive-visual-editor/editor/css/images/ul6_f_red.png]
[boldgains.com.ng/wp-content/plugins/thrive-visual-editor/editor/css/images/ul7_f_red.png]
[boldgains.com.ng/wp-content/plugins/thrive-visual-editor/editor/css/images/ul1_f_teal.png]
[boldgains.com.ng/wp-content/plugins/thrive-visual-editor/editor/css/images/ul2_f_teal.png]
[boldgains.com.ng/wp-content/plugins/thrive-visual-editor/editor/css/images/ul3_f_teal.png]
[boldgains.com.ng/wp-content/plugins/thrive-visual-editor/editor/css/images/ul4_f_teal.png]
[boldgains.com.ng/wp-content/plugins/thrive-visual-editor/editor/css/images/ul5_f_teal.png]
[boldgains.com.ng/wp-content/plugins/thrive-visual-editor/editor/css/images/ul6_f_teal.png]
[boldgains.com.ng/wp-content/plugins/thrive-visual-editor/editor/css/images/ul7_f_teal.png]
[boldgains.com.ng/wp-content/plugins/thrive-visual-editor/editor/css/images/ul1_f_white.png]
[boldgains.com.ng/wp-content/plugins/thrive-visual-editor/editor/css/images/ul2_f_white.png]
[boldgains.com.ng/wp-content/plugins/thrive-visual-editor/editor/css/images/ul3_f_white.png]
[boldgains.com.ng/wp-content/plugins/thrive-visual-editor/editor/css/images/ul4_f_white.png]
[boldgains.com.ng/wp-content/plugins/thrive-visual-editor/editor/css/images/ul5_f_white.png]
[boldgains.com.ng/wp-content/plugins/thrive-visual-editor/editor/css/images/ul6_f_white.png]
[boldgains.com.ng/wp-content/plugins/thrive-visual-editor/editor/css/images/ul7_f_white.png]
[boldgains.com.ng/wp-content/plugins/thrive-visual-editor/editor/css/images/flat_sep2.png]
[boldgains.com.ng/wp-content/plugins/thrive-visual-editor/editor/css/images/flat_sep3.png]
[boldgains.com.ng/wp-content/plugins/thrive-visual-editor/editor/css/images/flat_sep4.png]
[boldgains.com.ng/wp-content/plugins/thrive-visual-editor/editor/css/images/toggle_closed.png]
[boldgains.com.ng/wp-content/plugins/thrive-visual-editor/editor/css/images/tw.png]
[boldgains.com.ng/wp-content/plugins/thrive-visual-editor/editor/css/thrive_flat3171.css]
[boldgains.com.ng/wp-content/plugins/thrive-visual-editor/editor/css/no-theme3171.css]
[boldgains.com.ng/wp-content/plugins/elementor/assets/lib/font-awesome/fonts/fontawesome-webfont3e6e.eot]
[boldgains.com.ng/wp-content/plugins/elementor/assets/lib/font-awesome/fonts/fontawesome-webfontd41d.eot]
[boldgains.com.ng/wp-content/plugins/elementor/assets/lib/font-awesome/fonts/fontawesome-webfont3e6e.woff2]
[boldgains.com.ng/wp-content/plugins/elementor/assets/lib/font-awesome/fonts/fontawesome-webfont3e6e.woff]
[boldgains.com.ng/wp-content/plugins/elementor/assets/lib/font-awesome/fonts/fontawesome-webfont3e6e.ttf]
[boldgains.com.ng/wp-content/plugins/elementor/assets/lib/font-awesome/css/font-awesome.min1849.css]
[boldgains.com.ng/wp-content/plugins/mailjet-for-wordpress/src/widget/css/front-widgetc1ec.css]
[boldgains.com.ng/wp-content/plugins/mailin/img/flags/fr.png]
[boldgains.com.ng/wp-content/plugins/mailin/img/flags/ad.png]
[boldgains.com.ng/wp-content/plugins/mailin/css/mailin-front41a3.css]
[boldgains.com.ng/wp-content/plugins/elementor/assets/lib/font-awesome/fonts/fontawesome-webfont3e6e.svg]
[boldgains.com.ng/POST]
[connect.facebook.net/en_US/fbevents.js]
[boldgains.com.ng/indexcbb6.html]
[fonts.googleapis.com/css378c.css]
[s.w.org/images/core/emoji/13.0.1/svg/1f4a5.svg]
[s.w.org/images/core/emoji/13.0.1/svg/1f449.svg]
[s.w.org/images/core/emoji/13.0.1/svg/25fc.svg]
[boldgains.com.ng/index094d.html]
[s.w.org/images/core/emoji/13.0.1/svg/1f7e0.svg]
[s.w.org/images/core/emoji/13.0.1/svg/26ab.svg]
[s.w.org/images/core/emoji/13.0.1/svg/1f536.svg]
[boldgains.com.ng/wp-content/plugins/thrive-quiz-builder/assets/css/frontend/fonts/icons.ttf]
[boldgains.com.ng/wp-content/plugins/thrive-quiz-builder/assets/css/frontend/fonts/icons.woff]
[boldgains.com.ng/wp-content/plugins/thrive-quiz-builder/assets/css/frontend/fonts/icons.svg]
[boldgains.com.ng/wp-content/plugins/thrive-quiz-builder/assets/css/frontend/img/tqb-exclamation-mark.png]
[boldgains.com.ng/wp-content/plugins/thrive-quiz-builder/assets/images/social-sharing-badge-loader.gif]
[boldgains.com.ng/wp-content/plugins/thrive-quiz-builder/assets/css/frontend/tqb-shortcode41a3.css]
[boldgains.com.ng/index905b.html]
[boldgains.com.ng/xmlrpc.php]
[boldgains.com.ng/xmlrpc.php]
[boldgains.com.ng/index5e74.html]
[boldgains.com.ng/wp-content/plugins/thrive-visual-editor/editor/css/images/spinner.svg]
[boldgains.com.ng/wp-content/plugins/elementor/assets/lib/font-awesome/fonts/fontawesome-webfont3e6e.svg]
[boldgains.com.ng/POST.html]
[boldgains.com.ng/wp-content/plugins/thrive-quiz-builder/assets/css/frontend/fonts/icons.svg]
